[@ 0.000] print: 8.5067e+37
[@ 0.000] print: 8.5067e+37
[@ 0.000] print: 7.38906
[@ 0.000] print: 1
[@ 0.000] print: 4.53999e-05
[@ 0.000] print: 3.78351e-44
