[@ 0.000] print: -12
[@ 0.000] print: -11
[@ 0.000] print: -10
[@ 0.000] print: -9.00001
[@ 0.000] print: -8
[@ 0.000] print: -7
[@ 0.000] print: -6
[@ 0.000] print: -4.99999
[@ 0.000] print: -4.00001
[@ 0.000] print: -3
[@ 0.000] print: -1.99999
[@ 0.000] print: -1
[@ 0.000] print: 0
[@ 0.000] print: 1
[@ 0.000] print: 2
[@ 0.000] print: 3
[@ 0.000] print: 4
[@ 0.000] print: 5
[@ 0.000] print: 6
[@ 0.000] print: 7.00001
[@ 0.000] print: 8
[@ 0.000] print: 9
[@ 0.000] print: 10
[@ 0.000] print: 11
[@ 0.000] print: 12
[@ 0.000] print: 13
[@ 0.000] print: 14
[@ 0.000] print: 15
[@ 0.000] print: 16
[@ 0.000] print: 17
[@ 0.000] print: 18
[@ 0.000] print: 19
[@ 0.000] print: 20
[@ 0.000] print: 21
[@ 0.000] print: 22
[@ 0.000] print: 23
[@ 0.000] print: 24
[@ 0.000] print: 25
[@ 0.000] print: 26
[@ 0.000] print: 27
[@ 0.000] print: 28
[@ 0.000] print: 29
[@ 0.000] print: 30
[@ 0.000] print: 31
[@ 0.000] print: 32
[@ 0.000] print: 33
[@ 0.000] print: 34
[@ 0.000] print: 35
[@ 0.000] print: 36
[@ 0.000] print: 37
[@ 0.000] print: 38
[@ 0.000] print: 39
[@ 0.000] print: 40
[@ 0.000] print: 41
[@ 0.000] print: 42
[@ 0.000] print: 43
[@ 0.000] print: 44
[@ 0.000] print: 45
[@ 0.000] print: 46
[@ 0.000] print: 47
[@ 0.000] print: 48
[@ 0.000] print: 49
[@ 0.000] print: 50
[@ 0.000] print: 51
[@ 0.000] print: 52
[@ 0.000] print: 53
[@ 0.000] print: 54
[@ 0.000] print: 55
[@ 0.000] print: 56
[@ 0.000] print: 57
[@ 0.000] print: 58
[@ 0.000] print: 59
[@ 0.000] print: 60
[@ 0.000] print: 61
[@ 0.000] print: 62
[@ 0.000] print: 63
[@ 0.000] print: 64
[@ 0.000] print: 65
[@ 0.000] print: 66
[@ 0.000] print: 67
[@ 0.000] print: 68
[@ 0.000] print: 69
[@ 0.000] print: 70
[@ 0.000] print: 71
[@ 0.000] print: 72
[@ 0.000] print: 73
[@ 0.000] print: 74
[@ 0.000] print: 75
[@ 0.000] print: 76
[@ 0.000] print: 77
[@ 0.000] print: 78
[@ 0.000] print: 79
[@ 0.000] print: 80
[@ 0.000] print: 81
[@ 0.000] print: 82
[@ 0.000] print: 83
[@ 0.000] print: 84
[@ 0.000] print: 85
[@ 0.000] print: 86
[@ 0.000] print: 87
[@ 0.000] print: 88
[@ 0.000] print: 89
[@ 0.000] print: 90
[@ 0.000] print: 91
[@ 0.000] print: 92
[@ 0.000] print: 93
[@ 0.000] print: 94
[@ 0.000] print: 95
[@ 0.000] print: 96
[@ 0.000] print: 97
[@ 0.000] print: 98
[@ 0.000] print: 99
[@ 0.000] print: 100
[@ 0.000] print: 101
[@ 0.000] print: 102
[@ 0.000] print: 103
[@ 0.000] print: 104
[@ 0.000] print: 105
[@ 0.000] print: 106
[@ 0.000] print: 107
[@ 0.000] print: 108
[@ 0.000] print: 109
[@ 0.000] print: 110
[@ 0.000] print: 111
[@ 0.000] print: 112
[@ 0.000] print: 113
[@ 0.000] print: 114
[@ 0.000] print: 115
[@ 0.000] print: 116
[@ 0.000] print: 117
[@ 0.000] print: 118
[@ 0.000] print: 119
[@ 0.000] print: 120
[@ 0.000] print: 121
[@ 0.000] print: 122
[@ 0.000] print: 123
[@ 0.000] print: 124
[@ 0.000] print: 125
[@ 0.000] print: 126
[@ 0.000] print: 127
[@ 0.000] print: 17.1369
[@ 0.000] print: -1500
[@ 0.000] print: -1500
[@ 0.000] print: -13.726
