[@ 0.000] B: 0.5
[@ 0.000] A: 0.5
[@ 0.000] B: symbol dog
[@ 0.000] A: symbol dog
[@ 0.000] B: bang
[@ 0.000] A: bang
[@ 0.000] B: bang
[@ 0.000] A: bang
