[@ 0.000] print: 3.33
[@ 0.000] print: -34
[@ 0.000] print: 5
[@ 0.000] print: 5
[@ 0.000] print: 0.5
[@ 0.000] print: 1
