[@ 0.000] print: 0
[@ 0.000] print: 9
[@ 0.000] print: 0.25