[@ 0.000] print: 0
[@ 2.000] print: 0.2
[@ 4.000] print: 0.4
[@ 5.000] print: bang
[@ 10.000] print: 39
[@ 15.000] print: 39
[@ 20.000] print: 0
