[@ 0.000] print: 1
[@ 0.000] print: 1.25
[@ 0.000] print: 0.666667
[@ 0.000] print: 0.666667
[@ 0.000] print: 1.66667
[@ 0.000] print: 4.33333
[@ 0.000] print: 1.33333
[@ 0.000] print: 0.714286
