[@ 0.000] print: 100
[@ 1000.000] print: 1 500
[@ 1100.000] print: -200
