[@ 0.000] print: -1.10715
[@ 0.000] print: 0
[@ 0.000] print: -1.50098
[@ 0.000] print: 1.30683
