[@ 0.000] print: -0.34285
[@ 0.000] print: -0.428563
[@ 0.000] print: -0.428563
[@ 0.000] print: -0.428563
[@ 0.000] print: -0.414278
[@ 0.000] print: -0.399992
[@ 0.000] print: -0.385707
[@ 0.000] print: -0.371421
[@ 0.000] print: -0.335707
[@ 0.000] print: -0.299993
[@ 0.000] print: -0.257137
[@ 0.000] print: -0.199994
[@ 0.000] print: -0.128567
[@ 0.000] print: 3.45707e-06
[@ 0.000] print: 0.0714313
[@ 0.000] print: 0.17143
[@ 0.000] print: 0.257144
[@ 0.000] print: 0.357143
[@ 0.000] print: 0.399999
[@ 0.000] print: 0.442856
[@ 0.000] print: 0.614283
[@ 0.000] print: 0.685711
[@ 0.000] print: 0.721424
[@ 0.000] print: 0.757138
[@ 0.000] print: 0.814281
[@ 0.000] print: 0.857137
[@ 0.000] print: 0.878566
[@ 0.000] print: 0.899994
[@ 0.000] print: 0.91428
[@ 0.000] print: 0.928565
[@ 0.000] print: 0.935708
[@ 0.000] print: 0.942851
[@ 0.000] print: 0.942851
[@ 0.000] print: 0.942851
[@ 0.000] print: 0.942851
[@ 0.000] print: 0.942851
[@ 0.000] print: 0.935708
[@ 0.000] print: 0.928565
[@ 0.000] print: 0.921422
[@ 0.000] print: 0.91428
[@ 0.000] print: 0.899994
[@ 0.000] print: 0.885708
[@ 0.000] print: 0.871423
[@ 0.000] print: 0.857137
[@ 0.000] print: 0.835709
[@ 0.000] print: 0.814281
[@ 0.000] print: 0.78571
[@ 0.000] print: 0.757138
[@ 0.000] print: 0.714282
[@ 0.000] print: 0.657139
[@ 0.000] print: 0.628568
[@ 0.000] print: 0.599997
[@ 0.000] print: 0.457142
[@ 0.000] print: 0.371428
[@ 0.000] print: 0.285715
[@ 0.000] print: 0.157145
[@ 0.000] print: 0.0857168
[@ 0.000] print: 0.014289
[@ 0.000] print: -0.049996
[@ 0.000] print: -0.114281
[@ 0.000] print: -0.178566
[@ 0.000] print: -0.242851
[@ 0.000] print: -0.314279
[@ 0.000] print: -0.385707
[@ 0.000] print: -0.457135
[@ 0.000] print: -0.492849
[@ 0.000] print: -0.528562
[@ 0.000] print: -0.557134
[@ 0.000] print: -0.585705
[@ 0.000] print: -0.628561
[@ 0.000] print: -0.628561
[@ 0.000] print: -0.628561
[@ 0.000] print: -0.628561
[@ 0.000] print: -0.628561
[@ 0.000] print: -0.628561
[@ 0.000] print: -0.628561
[@ 0.000] print: -0.628561
[@ 0.000] print: -0.628561
[@ 0.000] print: -0.614276
[@ 0.000] print: -0.59999
[@ 0.000] print: -0.59999
[@ 0.000] print: -0.585705
[@ 0.000] print: -0.557134
[@ 0.000] print: -0.542848
[@ 0.000] print: -0.528562
[@ 0.000] print: -0.499991
[@ 0.000] print: -0.47142
[@ 0.000] print: -0.414278
[@ 0.000] print: -0.357136
[@ 0.000] print: -0.264279
[@ 0.000] print: -0.228566
[@ 0.000] print: -0.185709
[@ 0.000] print: -0.149995
[@ 0.000] print: -0.114281
[@ 0.000] print: -0.0142821
[@ 0.000] print: 0.014289
[@ 0.000] print: 0.242858
[@ 0.000] print: 0.3
[@ 0.000] print: 0.328571
[@ 0.000] print: 0.371425
