[@ 0.000] print: bang
[@ 0.000] print: bang
[@ 0.000] print: bang
[@ 0.000] print: bang
[@ 0.000] print: bang
[@ 0.000] print: bang
[@ 0.000] print: bang
[@ 0.000] print: bang
[@ 0.000] print: bang
[@ 0.000] print: bang
[@ 0.000] print: bang
[@ 0.000] print: bang
