[@ 0.000] print: 5
[@ 0.000] print: 200
[@ 0.000] print: -5
[@ 0.000] print: 13
[@ 0.000] print: 7
[@ 0.000] print: 7
