[@ 0.000] B: 3
[@ 0.000] A: 6.5
[@ 0.000] B: 3
[@ 0.000] A: 4
