[@ 0.000] print: 0.766
[@ 0.000] print: 0.5
[@ 0.000] print: 0
[@ 0.000] print: 0.75
[@ 0.000] print: 0.919983
