[@ 0.000] print: 0
[@ 0.000] print: 0
[@ 0.000] print: 1.30833
