[@ 0.000] print: 60 60
[@ 0.000] print: 70 -1203
[@ 0.000] print: 60 124
[@ 0.000] print: 55 100
[@ 50.000] print: 60 0
[@ 50.000] print: 70 0
[@ 50.000] print: 60 0
[@ 125.000] print: 55 0