[@ 0.000] print: -0.927295
[@ 0.000] print: 3.14159
[@ 0.000] print: -0.0454233
[@ 0.000] print: 0.253189
