[@ 0.000] print: 100
[@ 0.000] print: 11.5758
[@ 0.000] print: 1.41421
[@ 0.000] print: 0
[@ 0.000] print: 0
[@ 0.000] print: 0
