[@ 0.000] print: 25
[@ 0.000] print: 20
[@ 0.000] print: 6
[@ 0.000] print: 6
[@ 0.000] print: 15
[@ 0.000] print: 39
[@ 0.000] print: 12
[@ 0.000] print: 35
