[@ 0.000] print: 10
[@ 0.000] print: 9
[@ 0.000] print: 5
[@ 0.000] print: 5
[@ 0.000] print: 8
[@ 0.000] print: 16
[@ 0.000] print: 7
[@ 0.000] print: 12
