[@ 0.000] print: 2.51189e-08
[@ 0.000] print: 0
[@ 0.000] print: 0
[@ 0.000] print: 2.34423e-10
