NOTE: This is the actual expected output of Pds [mtof] with double implementation
[@ 0.000] print: 4.0879
[@ 0.000] print: 4.33098
[@ 0.000] print: 4.58851
[@ 0.000] print: 4.86136
[@ 0.000] print: 5.15043
[@ 0.000] print: 5.45669
[@ 0.000] print: 5.78116
[@ 0.000] print: 6.12493
[@ 0.000] print: 6.48914
[@ 0.000] print: 6.875
[@ 0.000] print: 7.28381
[@ 0.000] print: 7.71693
[@ 0.000] print: 8.1758
[@ 0.000] print: 8.66196
[@ 0.000] print: 9.17702
[@ 0.000] print: 9.72272
[@ 0.000] print: 10.3009
[@ 0.000] print: 10.9134
[@ 0.000] print: 11.5623
[@ 0.000] print: 12.2499
[@ 0.000] print: 12.9783
[@ 0.000] print: 13.75
[@ 0.000] print: 14.5676
[@ 0.000] print: 15.4339
[@ 0.000] print: 16.3516
[@ 0.000] print: 17.3239
[@ 0.000] print: 18.354
[@ 0.000] print: 19.4454
[@ 0.000] print: 20.6017
[@ 0.000] print: 21.8268
[@ 0.000] print: 23.1247
[@ 0.000] print: 24.4997
[@ 0.000] print: 25.9565
[@ 0.000] print: 27.5
[@ 0.000] print: 29.1352
[@ 0.000] print: 30.8677
[@ 0.000] print: 32.7032
[@ 0.000] print: 34.6478
[@ 0.000] print: 36.7081
[@ 0.000] print: 38.8909
[@ 0.000] print: 41.2034
[@ 0.000] print: 43.6535
[@ 0.000] print: 46.2493
[@ 0.000] print: 48.9994
[@ 0.000] print: 51.9131
[@ 0.000] print: 55
[@ 0.000] print: 58.2705
[@ 0.000] print: 61.7354
[@ 0.000] print: 65.4064
[@ 0.000] print: 69.2957
[@ 0.000] print: 73.4162
[@ 0.000] print: 77.7817
[@ 0.000] print: 82.4069
[@ 0.000] print: 87.3071
[@ 0.000] print: 92.4986
[@ 0.000] print: 97.9989
[@ 0.000] print: 103.826
[@ 0.000] print: 110
[@ 0.000] print: 116.541
[@ 0.000] print: 123.471
[@ 0.000] print: 130.813
[@ 0.000] print: 138.591
[@ 0.000] print: 146.832
[@ 0.000] print: 155.563
[@ 0.000] print: 164.814
[@ 0.000] print: 174.614
[@ 0.000] print: 184.997
[@ 0.000] print: 195.998
[@ 0.000] print: 207.652
[@ 0.000] print: 220
[@ 0.000] print: 233.082
[@ 0.000] print: 246.942
[@ 0.000] print: 261.626
[@ 0.000] print: 277.183
[@ 0.000] print: 293.665
[@ 0.000] print: 311.127
[@ 0.000] print: 329.628
[@ 0.000] print: 349.228
[@ 0.000] print: 369.994
[@ 0.000] print: 391.995
[@ 0.000] print: 415.305
[@ 0.000] print: 440
[@ 0.000] print: 466.164
[@ 0.000] print: 493.883
[@ 0.000] print: 523.251
[@ 0.000] print: 554.365
[@ 0.000] print: 587.33
[@ 0.000] print: 622.254
[@ 0.000] print: 659.255
[@ 0.000] print: 698.456
[@ 0.000] print: 739.989
[@ 0.000] print: 783.991
[@ 0.000] print: 830.609
[@ 0.000] print: 880
[@ 0.000] print: 932.328
[@ 0.000] print: 987.767
[@ 0.000] print: 1046.5
[@ 0.000] print: 1108.73
[@ 0.000] print: 1174.66
[@ 0.000] print: 1244.51
[@ 0.000] print: 1318.51
[@ 0.000] print: 1396.91
[@ 0.000] print: 1479.98
[@ 0.000] print: 1567.98
[@ 0.000] print: 1661.22
[@ 0.000] print: 1760
[@ 0.000] print: 1864.66
[@ 0.000] print: 1975.53
[@ 0.000] print: 2093
[@ 0.000] print: 2217.46
[@ 0.000] print: 2349.32
[@ 0.000] print: 2489.02
[@ 0.000] print: 2637.02
[@ 0.000] print: 2793.83
[@ 0.000] print: 2959.96
[@ 0.000] print: 3135.96
[@ 0.000] print: 3322.44
[@ 0.000] print: 3520
[@ 0.000] print: 3729.31
[@ 0.000] print: 3951.07
[@ 0.000] print: 4186.01
[@ 0.000] print: 4434.92
[@ 0.000] print: 4698.64
[@ 0.000] print: 4978.03
[@ 0.000] print: 5274.04
[@ 0.000] print: 5587.65
[@ 0.000] print: 5919.91
[@ 0.000] print: 6271.93
[@ 0.000] print: 6644.88
[@ 0.000] print: 7040
[@ 0.000] print: 7458.62
[@ 0.000] print: 7902.13
[@ 0.000] print: 8372.02
[@ 0.000] print: 8869.84
[@ 0.000] print: 9397.27
[@ 0.000] print: 9956.06
[@ 0.000] print: 10548.1
[@ 0.000] print: 11175.3
[@ 0.000] print: 11839.8
[@ 0.000] print: 12543.9
