[@ 0.000] print: 0.000158489
[@ 0.000] print: 0
[@ 0.000] print: 0
[@ 0.000] print: 1.53109e-05
