[@ 0.000] print: 4
[@ 0.000] print: 4
[@ 0.000] print: 4
[@ 0.000] print: 4
[@ 0.000] print: 4
[@ 0.000] print: 4
[@ 0.000] print: bang
