[@ 0.000] print: 0
[@ 0.000] print: 0
[@ 0.000] print: 0
[@ 0.000] print: 2
[@ 0.000] print: -100
[@ 0.000] print: 1
