[@ 8.000] print: bang
[@ 10.000] print: bang
[@ 15.000] print: bang
