[@ 0.000] print: 100
[@ 100.000] print: 90
[@ 190.000] print: 70
[@ 260.000] print: 50
[@ 310.000] print: 40
[@ 350.000] print: 30
[@ 380.000] print: 30
[@ 410.000] print: 20
[@ 430.000] print: 20
[@ 450.000] print: 10
[@ 460.000] print: 10
[@ 470.000] print: 10
[@ 480.000] print: 10
[@ 490.000] print: 10
