[@ 0.000] print: 1 62 64
[@ 0.000] print: 2 60 64
[@ 0.000] print: 1 62 0
[@ 0.000] print: 2 60 0
[@ 0.000] print: 3 62 64
[@ 0.000] print: 4 60 64
[@ 0.000] print: 5 70 3
[@ 0.000] print: 1 62 64
[@ 0.000] print: 2 60 64
[@ 0.000] print: 1 62 0
[@ 0.000] print: 2 60 0
