[@ 0.000] print: 1
[@ 0.000] print: 5
[@ 0.000] print: 0
[@ 0.000] print: 0
[@ 0.000] print: 1
[@ 0.000] print: 4
[@ 0.000] print: 1
[@ 0.000] print: 0
