[@ 0.000] print: 2
[@ 0.000] print: 7
[@ 0.000] print: 1
[@ 0.000] print: 7
[@ 0.000] print: 0
[@ 0.000] print: 5
