[@ 0.000] print: 2.18504
[@ 0.000] print: 0
[@ 0.000] print: 6.08688
[@ 0.000] print: 0.624733
