[@ 0.000] print: 160
[@ 0.000] print: 140
[@ 0.000] print: 96.9884
[@ 0.000] print: 93.9794
[@ 0.000] print: 89.5424
[@ 0.000] print: 40
[@ 0.000] print: 0
[@ 0.000] print: 0
