[@ 0.000] print: 5
[@ 0.000] print: 6.5
[@ 0.000] print: -100
[@ 0.000] print: 230
