[@ 0.000] print: 130
[@ 0.000] print: 120
[@ 0.000] print: 98.4942
[@ 0.000] print: 96.9897
[@ 0.000] print: 94.7712
[@ 0.000] print: 70
[@ 0.000] print: 0
[@ 0.000] print: 0
