[@ 69.000] print: 69
[@ 214.000] print: 214
[@ 345.000] print: 345
