[@ 0.000] print: -0.416147
[@ 0.000] print: 1
[@ 0.000] print: -0.162115
[@ 0.000] print: -0.8481
