[@ 0.000] print: 0
[@ 0.000] print: 0
[@ 0.000] print: 0
[@ 0.000] print: 0
[@ 0.000] print: 0
[@ 0.000] print: 5
