[@ 0.000] print: 4
[@ 0.000] print: -1000
[@ 0.000] print: 0
[@ 0.000] print: -34
[@ 0.000] print: 2
[@ 0.000] print: 56
